2026-08-25 22:48:18.009: [INFO] CurrentProfilePath: C:\Daniel\Workspace\Github\Uninassau_Coding_Noite\.metadata\.plugins\org.eclipse.swt\EBWebView\Default
2026-08-25 22:48:18.009: [INFO] Profiles total count: 1
2026-08-25 22:48:18.010: [INFO] Profile: name=Perfil 1 path=C:\Daniel\Workspace\Github\Uninassau_Coding_Noite\.metadata\.plugins\org.eclipse.swt\EBWebView\Default lastActive=null
2026-08-25 22:48:18.010: [INFO] LastUsedProfileDir: C:\Daniel\Workspace\Github\Uninassau_Coding_Noite\.metadata\.plugins\org.eclipse.swt\EBWebView\Default
2026-08-25 22:48:18.010: [INFO] OnDoneLoading sync enabled: 0
2026-08-25 22:48:18.010: [INFO] BookmarkModelLoaded, ids_reassigned: 0
2026-08-25 22:48:18.010: [INFO] BookmarksLoadDropped droppedNodes=0
2026-08-25 22:48:18.010: [INFO] BookmarksSnapshot Startup total=0 bar=0 other=0 mobile=0 showBar=0 showBarNTP=1
2026-08-25 22:48:38.381: [INFO] BookmarksSnapshot Shutdown total=0 bar=0 other=0 mobile=0 showBar=0 showBarNTP=1
2026-08-25 23:26:01.922: [INFO] CurrentProfilePath: C:\Daniel\Workspace\Github\Uninassau_Coding_Noite\.metadata\.plugins\org.eclipse.swt\EBWebView\Default
2026-08-25 23:26:01.922: [INFO] Profiles total count: 1
2026-08-25 23:26:01.935: [INFO] Profile: name=Perfil 1 path=C:\Daniel\Workspace\Github\Uninassau_Coding_Noite\.metadata\.plugins\org.eclipse.swt\EBWebView\Default lastActive=2026-08-25T22:48:20.977Z
2026-08-25 23:26:01.935: [INFO] LastUsedProfileDir: C:\Daniel\Workspace\Github\Uninassau_Coding_Noite\.metadata\.plugins\org.eclipse.swt\EBWebView\Default
2026-08-25 23:26:01.935: [INFO] MostRecentlyActiveProfile: name=Perfil 1 path=C:\Daniel\Workspace\Github\Uninassau_Coding_Noite\.metadata\.plugins\org.eclipse.swt\EBWebView\Default lastActive=2026-08-25T22:48:20.977Z
2026-08-25 23:26:01.935: [INFO] OnDoneLoading sync enabled: 0
2026-08-25 23:26:01.935: [INFO] BookmarkModelLoaded, ids_reassigned: 0
2026-08-25 23:26:01.935: [INFO] BookmarksLoadDropped droppedNodes=0
2026-08-25 23:26:01.935: [INFO] BookmarksSnapshot Startup total=0 bar=0 other=0 mobile=0 showBar=0 showBarNTP=1
2026-08-25 23:26:02.945: [INFO] BookmarksSnapshot Shutdown total=0 bar=0 other=0 mobile=0 showBar=0 showBarNTP=1
2026-08-25 23:29:31.491: [INFO] CurrentProfilePath: C:\Daniel\Workspace\Github\Uninassau_Coding_Noite\.metadata\.plugins\org.eclipse.swt\EBWebView\Default
2026-08-25 23:29:31.491: [INFO] Profiles total count: 1
2026-08-25 23:29:31.492: [INFO] Profile: name=Perfil 1 path=C:\Daniel\Workspace\Github\Uninassau_Coding_Noite\.metadata\.plugins\org.eclipse.swt\EBWebView\Default lastActive=2026-08-25T22:48:20.977Z
2026-08-25 23:29:31.492: [INFO] LastUsedProfileDir: C:\Daniel\Workspace\Github\Uninassau_Coding_Noite\.metadata\.plugins\org.eclipse.swt\EBWebView\Default
2026-08-25 23:29:31.492: [INFO] MostRecentlyActiveProfile: name=Perfil 1 path=C:\Daniel\Workspace\Github\Uninassau_Coding_Noite\.metadata\.plugins\org.eclipse.swt\EBWebView\Default lastActive=2026-08-25T22:48:20.977Z
2026-08-25 23:29:31.492: [INFO] OnDoneLoading sync enabled: 0
2026-08-25 23:29:31.492: [INFO] BookmarkModelLoaded, ids_reassigned: 0
2026-08-25 23:29:31.492: [INFO] BookmarksLoadDropped droppedNodes=0
2026-08-25 23:29:31.492: [INFO] BookmarksSnapshot Startup total=0 bar=0 other=0 mobile=0 showBar=0 showBarNTP=1
2026-08-25 23:29:41.246: [INFO] BookmarksSnapshot Shutdown total=0 bar=0 other=0 mobile=0 showBar=0 showBarNTP=1
2026-08-25 23:45:53.388: [INFO] CurrentProfilePath: C:\Daniel\Workspace\Github\Uninassau_Coding_Noite\.metadata\.plugins\org.eclipse.swt\EBWebView\Default
2026-08-25 23:45:53.388: [INFO] Profiles total count: 1
2026-08-25 23:45:53.389: [INFO] Profile: name=Perfil 1 path=C:\Daniel\Workspace\Github\Uninassau_Coding_Noite\.metadata\.plugins\org.eclipse.swt\EBWebView\Default lastActive=2026-08-25T22:48:20.977Z
2026-08-25 23:45:53.389: [INFO] LastUsedProfileDir: C:\Daniel\Workspace\Github\Uninassau_Coding_Noite\.metadata\.plugins\org.eclipse.swt\EBWebView\Default
2026-08-25 23:45:53.389: [INFO] MostRecentlyActiveProfile: name=Perfil 1 path=C:\Daniel\Workspace\Github\Uninassau_Coding_Noite\.metadata\.plugins\org.eclipse.swt\EBWebView\Default lastActive=2026-08-25T22:48:20.977Z
2026-08-25 23:45:53.389: [INFO] OnDoneLoading sync enabled: 0
2026-08-25 23:45:53.389: [INFO] BookmarkModelLoaded, ids_reassigned: 0
2026-08-25 23:45:53.389: [INFO] BookmarksLoadDropped droppedNodes=0
2026-08-25 23:45:53.389: [INFO] BookmarksSnapshot Startup total=0 bar=0 other=0 mobile=0 showBar=0 showBarNTP=1
2026-08-25 23:45:55.708: [INFO] BookmarksSnapshot Shutdown total=0 bar=0 other=0 mobile=0 showBar=0 showBarNTP=1
2026-09-01 21:44:52.418: [INFO] CurrentProfilePath: C:\Daniel\Workspace\Github\Uninassau_Coding_Noite\.metadata\.plugins\org.eclipse.swt\EBWebView\Default
2026-09-01 21:44:52.418: [INFO] Profiles total count: 1
2026-09-01 21:44:52.418: [INFO] Profile: name=Perfil 1 path=C:\Daniel\Workspace\Github\Uninassau_Coding_Noite\.metadata\.plugins\org.eclipse.swt\EBWebView\Default lastActive=2026-08-25T22:48:20.977Z
2026-09-01 21:44:52.418: [INFO] LastUsedProfileDir: C:\Daniel\Workspace\Github\Uninassau_Coding_Noite\.metadata\.plugins\org.eclipse.swt\EBWebView\Default
2026-09-01 21:44:52.419: [INFO] MostRecentlyActiveProfile: name=Perfil 1 path=C:\Daniel\Workspace\Github\Uninassau_Coding_Noite\.metadata\.plugins\org.eclipse.swt\EBWebView\Default lastActive=2026-08-25T22:48:20.977Z
2026-09-01 21:44:52.419: [INFO] OnDoneLoading sync enabled: 0
2026-09-01 21:44:52.419: [INFO] BookmarkModelLoaded, ids_reassigned: 0
2026-09-01 21:44:52.419: [INFO] BookmarksLoadDropped droppedNodes=0
2026-09-01 21:44:52.419: [INFO] BookmarksSnapshot Startup total=0 bar=0 other=0 mobile=0 showBar=0 showBarNTP=1
2026-09-02 00:21:24.635: [INFO] BookmarksSnapshot Shutdown total=0 bar=0 other=0 mobile=0 showBar=0 showBarNTP=1
2026-09-08 21:38:42.365: [INFO] CurrentProfilePath: C:\Daniel\Workspace\Github\Uninassau_Coding_Noite\.metadata\.plugins\org.eclipse.swt\EBWebView\Default
2026-09-08 21:38:42.365: [INFO] Profiles total count: 1
2026-09-08 21:38:42.365: [INFO] Profile: name=Perfil 1 path=C:\Daniel\Workspace\Github\Uninassau_Coding_Noite\.metadata\.plugins\org.eclipse.swt\EBWebView\Default lastActive=2026-09-08T21:37:23.725Z
2026-09-08 21:38:42.365: [INFO] LastUsedProfileDir: C:\Daniel\Workspace\Github\Uninassau_Coding_Noite\.metadata\.plugins\org.eclipse.swt\EBWebView\Default
2026-09-08 21:38:42.365: [INFO] MostRecentlyActiveProfile: name=Perfil 1 path=C:\Daniel\Workspace\Github\Uninassau_Coding_Noite\.metadata\.plugins\org.eclipse.swt\EBWebView\Default lastActive=2026-09-08T21:37:23.725Z
2026-09-08 21:38:42.365: [INFO] OnDoneLoading sync enabled: 0
2026-09-08 21:38:42.365: [INFO] BookmarkModelLoaded, ids_reassigned: 0
2026-09-08 21:38:42.365: [INFO] BookmarksLoadDropped droppedNodes=0
2026-09-08 21:38:42.365: [INFO] BookmarksSnapshot Startup total=0 bar=0 other=0 mobile=0 showBar=0 showBarNTP=1
2026-09-08 21:41:15.324: [INFO] BookmarksSnapshot Shutdown total=0 bar=0 other=0 mobile=0 showBar=0 showBarNTP=1
2026-09-08 22:30:36.211: [INFO] CurrentProfilePath: C:\Daniel\Workspace\Github\Uninassau_Coding_Noite\.metadata\.plugins\org.eclipse.swt\EBWebView\Default
2026-09-08 22:30:36.211: [INFO] Profiles total count: 1
2026-09-08 22:30:36.212: [INFO] Profile: name=Perfil 1 path=C:\Daniel\Workspace\Github\Uninassau_Coding_Noite\.metadata\.plugins\org.eclipse.swt\EBWebView\Default lastActive=2026-09-08T21:37:23.725Z
2026-09-08 22:30:36.212: [INFO] LastUsedProfileDir: C:\Daniel\Workspace\Github\Uninassau_Coding_Noite\.metadata\.plugins\org.eclipse.swt\EBWebView\Default
2026-09-08 22:30:36.212: [INFO] MostRecentlyActiveProfile: name=Perfil 1 path=C:\Daniel\Workspace\Github\Uninassau_Coding_Noite\.metadata\.plugins\org.eclipse.swt\EBWebView\Default lastActive=2026-09-08T21:37:23.725Z
2026-09-08 22:30:36.212: [INFO] OnDoneLoading sync enabled: 0
2026-09-08 22:30:36.212: [INFO] BookmarkModelLoaded, ids_reassigned: 0
2026-09-08 22:30:36.212: [INFO] BookmarksLoadDropped droppedNodes=0
2026-09-08 22:30:36.212: [INFO] BookmarksSnapshot Startup total=0 bar=0 other=0 mobile=0 showBar=0 showBarNTP=1
2026-09-08 22:35:50.793: [INFO] BookmarksSnapshot Shutdown total=0 bar=0 other=0 mobile=0 showBar=0 showBarNTP=1
2026-09-08 22:39:03.954: [INFO] CurrentProfilePath: C:\Daniel\Workspace\Github\Uninassau_Coding_Noite\.metadata\.plugins\org.eclipse.swt\EBWebView\Default
2026-09-08 22:39:03.954: [INFO] Profiles total count: 1
2026-09-08 22:39:03.955: [INFO] Profile: name=Perfil 1 path=C:\Daniel\Workspace\Github\Uninassau_Coding_Noite\.metadata\.plugins\org.eclipse.swt\EBWebView\Default lastActive=2026-09-08T21:37:23.725Z
2026-09-08 22:39:03.955: [INFO] LastUsedProfileDir: C:\Daniel\Workspace\Github\Uninassau_Coding_Noite\.metadata\.plugins\org.eclipse.swt\EBWebView\Default
2026-09-08 22:39:03.955: [INFO] MostRecentlyActiveProfile: name=Perfil 1 path=C:\Daniel\Workspace\Github\Uninassau_Coding_Noite\.metadata\.plugins\org.eclipse.swt\EBWebView\Default lastActive=2026-09-08T21:37:23.725Z
2026-09-08 22:39:03.955: [INFO] OnDoneLoading sync enabled: 0
2026-09-08 22:39:03.955: [INFO] BookmarkModelLoaded, ids_reassigned: 0
2026-09-08 22:39:03.955: [INFO] BookmarksLoadDropped droppedNodes=0
2026-09-08 22:39:03.955: [INFO] BookmarksSnapshot Startup total=0 bar=0 other=0 mobile=0 showBar=0 showBarNTP=1
2026-09-08 22:42:01.506: [INFO] BookmarksSnapshot Shutdown total=0 bar=0 other=0 mobile=0 showBar=0 showBarNTP=1
2026-09-08 23:09:11.359: [INFO] CurrentProfilePath: C:\Daniel\Workspace\Github\Uninassau_Coding_Noite\.metadata\.plugins\org.eclipse.swt\EBWebView\Default
2026-09-08 23:09:11.359: [INFO] Profiles total count: 1
2026-09-08 23:09:11.360: [INFO] Profile: name=Perfil 1 path=C:\Daniel\Workspace\Github\Uninassau_Coding_Noite\.metadata\.plugins\org.eclipse.swt\EBWebView\Default lastActive=2026-09-08T21:37:23.725Z
2026-09-08 23:09:11.360: [INFO] LastUsedProfileDir: C:\Daniel\Workspace\Github\Uninassau_Coding_Noite\.metadata\.plugins\org.eclipse.swt\EBWebView\Default
2026-09-08 23:09:11.360: [INFO] MostRecentlyActiveProfile: name=Perfil 1 path=C:\Daniel\Workspace\Github\Uninassau_Coding_Noite\.metadata\.plugins\org.eclipse.swt\EBWebView\Default lastActive=2026-09-08T21:37:23.725Z
2026-09-08 23:09:11.360: [INFO] OnDoneLoading sync enabled: 0
2026-09-08 23:09:11.360: [INFO] BookmarkModelLoaded, ids_reassigned: 0
2026-09-08 23:09:11.360: [INFO] BookmarksLoadDropped droppedNodes=0
2026-09-08 23:09:11.360: [INFO] BookmarksSnapshot Startup total=0 bar=0 other=0 mobile=0 showBar=0 showBarNTP=1
2026-09-08 23:55:58.084: [INFO] BookmarksSnapshot Shutdown total=0 bar=0 other=0 mobile=0 showBar=0 showBarNTP=1
